###############################################################################
#
# IAR ELF Linker V9.50.1.380/W64 for ARM                  01/Aug/2024  19:37:30
# Copyright 2007-2023 IAR Systems AB.
#
#    Output file  =
#        E:\iar_workspace\d_s\uart_action\uart_action\Debug\Exe\empty_LP_MSPM0G3507_nortos_iar.out
#    Map file     =
#        E:\iar_workspace\d_s\uart_action\uart_action\Debug\List\empty_LP_MSPM0G3507_nortos_iar.map
#    Command line =
#        -f
#        E:\iar_workspace\d_s\uart_action\uart_action\Debug\Exe\empty_LP_MSPM0G3507_nortos_iar.out.rsp
#        (E:\iar_workspace\d_s\uart_action\uart_action\Debug\Obj\empty_12185268458818714744.dir\callback.o
#        E:\iar_workspace\d_s\uart_action\uart_action\Debug\Obj\empty_12185268458818714744.dir\empty.o
#        E:\iar_workspace\d_s\uart_action\uart_action\Debug\Obj\empty_12185268458818714744.dir\Lcd.o
#        E:\iar_workspace\d_s\uart_action\uart_action\Debug\Obj\empty_12185268458818714744.dir\my_fun.o
#        E:\iar_workspace\d_s\uart_action\uart_action\Debug\Obj\iar_10373327311930743285.dir\startup_mspm0g350x_iar.o
#        "E:\iar_workspace\d_s\uart_action\uart_action\Debug\Obj\SysConfig
#        Generated Files_5435349133262493662.dir\ti_msp_dl_config.o"
#        --no_out_extension -o
#        E:\iar_workspace\d_s\uart_action\uart_action\Debug\Exe\empty_LP_MSPM0G3507_nortos_iar.out
#        --map
#        E:\iar_workspace\d_s\uart_action\uart_action\Debug\List\empty_LP_MSPM0G3507_nortos_iar.map
#        --config E:\iar_workspace\d_s\uart_action\uart_action/mspm0g3507.icf
#        -LE:\ti\mspm0_sdk_1_20_01_06/source
#        -LE:\iar_workspace\d_s\uart_action\uart_action
#        E:\ti\mspm0_sdk_1_20_01_06/source/ti/driverlib/lib/iar/m0p/mspm0g1x0x_g3x0x/driverlib.a
#        --silent --semihosting --entry __iar_program_start --vfe --text_out
#        locale --cpu=Cortex-M0+ --fpu=None) --dependencies=n
#        E:\iar_workspace\d_s\uart_action\uart_action\Debug\Exe\empty_LP_MSPM0G3507_nortos_iar.out.iar_deps
#
###############################################################################

*******************************************************************************
*** RUNTIME MODEL ATTRIBUTES
***

CppFlavor       = *
__CPP_Runtime   = 1
__SystemLibrary = DLib
__dlib_version  = 6


*******************************************************************************
*** HEAP SELECTION
***

The basic heap was selected because no calls to memory allocation
functions were found in the application outside of system library
functions, there are calls to deallocation functions in the
application, and the application appears to be primarily
optimized for speed.


*******************************************************************************
*** PLACEMENT SUMMARY
***

"A0":  place at address 0x0 { ro section .intvec };
define block ALIGNED_ROM with end alignment = 8 { ro };
"P1":  place in [from 0x0 to 0x1'ffff] { block ALIGNED_ROM };
define block CSTACK with size = 1K, alignment = 8 { };
define block PROC_STACK with size = 0, alignment = 8 { };
define block HEAP with size = 2K, alignment = 8 { };
"P2":  place in [from 0x2020'0000 to 0x2020'7fff] {
          rw, block CSTACK, block PROC_STACK, block HEAP };
initialize by copy { rw };

No sections matched the following patterns:

  section .BCRConfig  in "P3"
  section .BSLConfig  in "P4"


  Section              Kind         Address  Aligment    Size  Object
  -------              ----         -------  --------    ----  ------
"A0":                                                    0xc0
  .intvec              const            0x0         4    0xc0  startup_mspm0g350x_iar.o [3]
                                     - 0xc0              0xc0

"P1", part 1 of 2:                                     0x562c
  ALIGNED_ROM                          0xc0            0x5630  <Block>
    .rodata            const           0xc0         4     0x4  callback.o [2]
    .rodata            const           0xc4         4     0x4  callback.o [2]
    .rodata            const           0xc8         4     0x4  callback.o [2]
    .rodata            const           0xcc         4     0x4  callback.o [2]
    .rodata            const           0xd0         4     0x8  empty.o [2]
    .rodata            const           0xd8         4     0x8  empty.o [2]
    .rodata            const           0xe0         4     0x4  empty.o [2]
    .rodata            const           0xe4         4     0x4  empty.o [2]
    .rodata            const           0xe8         4     0x4  empty.o [2]
    .rodata            const           0xec         4     0x4  empty.o [2]
    .rodata            const           0xf0         4     0x4  empty.o [2]
    .rodata            const           0xf4         4     0x4  empty.o [2]
    .rodata            const           0xf8         4     0x4  empty.o [2]
    .rodata            const           0xfc         4     0x4  Lcd.o [2]
    .rodata            const          0x100         4     0x4  Lcd.o [2]
    .rodata            const          0x104         4   0x5f4  Lcd.o [2]
    .rodata            const          0x6f8         4   0x7b4  Lcd.o [2]
    .rodata            const          0xeac         4     0x4  my_fun.o [2]
    .rodata            const          0xeb0         4     0x4  my_fun.o [2]
    .rodata            const          0xeb4         4     0x4  my_fun.o [2]
    .rodata            const          0xeb8         4     0x4  my_fun.o [2]
    .rodata            const          0xebc         4     0x4  my_fun.o [2]
    .rodata            const          0xec0         4     0x4  my_fun.o [2]
    .rodata            const          0xec4         4     0x4  my_fun.o [2]
    .rodata            const          0xec8         4     0x4  ti_msp_dl_config.o [1]
    .rodata            const          0xecc         4     0x4  ti_msp_dl_config.o [1]
    .rodata            const          0xed0         4     0x4  ti_msp_dl_config.o [1]
    .rodata            const          0xed4         4     0x4  ti_msp_dl_config.o [1]
    .rodata            const          0xed8         4     0x4  ti_msp_dl_config.o [1]
    .rodata            const          0xedc         4     0x4  ti_msp_dl_config.o [1]
    .rodata            const          0xee0         4     0x4  ti_msp_dl_config.o [1]
    .rodata            const          0xee4         4     0x4  ti_msp_dl_config.o [1]
    .rodata            const          0xee8         4     0x4  ti_msp_dl_config.o [1]
    .rodata            const          0xeec         4     0x4  ti_msp_dl_config.o [1]
    .rodata            const          0xef0         4     0x4  ti_msp_dl_config.o [1]
    .rodata            const          0xef4         4     0x4  ti_msp_dl_config.o [1]
    .rodata            const          0xef8         4     0x4  ti_msp_dl_config.o [1]
    .rodata            const          0xefc         4     0x4  ti_msp_dl_config.o [1]
    .rodata            const          0xf00         4    0x28  ti_msp_dl_config.o [1]
    .rodata            const          0xf28         4     0x4  ti_msp_dl_config.o [1]
    .rodata            const          0xf2c         4     0x8  ti_msp_dl_config.o [1]
    .rodata            const          0xf34         4     0x4  ti_msp_dl_config.o [1]
    .rodata            const          0xf38         4     0x8  ti_msp_dl_config.o [1]
    .rodata            const          0xf40         4     0x4  ti_msp_dl_config.o [1]
    .rodata            const          0xf44         4     0x8  ti_msp_dl_config.o [1]
    .rodata            const          0xf4c         4     0x4  ti_msp_dl_config.o [1]
    .rodata            const          0xf50         4    0x10  ti_msp_dl_config.o [1]
    .rodata            const          0xf60         4     0x4  ti_msp_dl_config.o [1]
    .rodata            const          0xf64         4    0x10  ti_msp_dl_config.o [1]
    .rodata            const          0xf74         4     0x4  ti_msp_dl_config.o [1]
    .rodata            const          0xf78         4    0x14  ti_msp_dl_config.o [1]
    .rodata            const          0xf8c         4     0xc  ti_msp_dl_config.o [1]
    .rodata            const          0xf98         4     0xc  ti_msp_dl_config.o [1]
    .rodata            const          0xfa4         4     0x8  ti_msp_dl_config.o [1]
    .rodata            const          0xfac         4     0x8  ti_msp_dl_config.o [1]
    .rodata            const          0xfb4         4    0x6a  xprintflarge_nomb.o [4]
    .rodata            const         0x101e         2     0x2  ti_msp_dl_config.o [1]
    .text              ro code       0x1020         4   0x164  callback.o [2]
    .text              ro code       0x1184         4   0x878  my_fun.o [2]
    .text              ro code       0x19fc         4     0xa  dl_common.o [5]
    .rodata            const         0x1a06         2     0x2  ti_msp_dl_config.o [1]
    .text              ro code       0x1a08         4    0x20  FltCmpEq.o [6]
    .text              ro code       0x1a28         4    0x32  FltToDbl.o [6]
    .text              ro code       0x1a5a         2   0x1b4  DblAddSub.o [6]
    .text              ro code       0x1c0e         2    0x62  DblToFlt.o [6]
    .text              ro code       0x1c70         2   0x120  FltAddSub.o [6]
    .text              ro code       0x1d90         2    0x32  DblCmpLe.o [6]
    .text              ro code       0x1dc2         2    0xb0  FltMul.o [6]
    .text              ro code       0x1e72         2     0xa  xsprout.o [4]
    .text              ro code       0x1e7c         4    0x28  FltCmpGe.o [6]
    .text              ro code       0x1ea4         4    0x26  FltCmpLe.o [6]
    .text              ro code       0x1ecc         4    0x36  IxxToFlt.o [6]
    .text              ro code       0x1f04         4    0x3a  FltToS32.o [6]
    .text              ro code       0x1f40         4   0x308  dl_timer.o [5]
    .text              ro code       0x2248         4   0xde0  empty.o [2]
    .text              ro code       0x3028         4    0x6c  ti_msp_dl_config.o [1]
    .text              ro code       0x3094         4   0x634  Lcd.o [2]
    .text              ro code       0x36c8         4    0x40  sprintf.o [4]
    .text              ro code       0x3708         4    0xf4  ti_msp_dl_config.o [1]
    .text              ro code       0x37fc         4   0x194  ti_msp_dl_config.o [1]
    .text              ro code       0x3990         4    0x38  ti_msp_dl_config.o [1]
    .text              ro code       0x39c8         4    0x58  ti_msp_dl_config.o [1]
    .text              ro code       0x3a20         4    0x58  ti_msp_dl_config.o [1]
    .text              ro code       0x3a78         4    0x58  ti_msp_dl_config.o [1]
    .text              ro code       0x3ad0         4    0x30  ti_msp_dl_config.o [1]
    .text              ro code       0x3b00         4    0x30  ti_msp_dl_config.o [1]
    .text              ro code       0x3b30         4    0x30  ti_msp_dl_config.o [1]
    .text              ro code       0x3b60         4    0x4c  ti_msp_dl_config.o [1]
    .text              ro code       0x3bac         4    0x3c  ti_msp_dl_config.o [1]
    .text              ro code       0x3be8         4    0x58  ti_msp_dl_config.o [1]
    .text              ro code       0x3c40         4    0x90  ti_msp_dl_config.o [1]
    .text              ro code       0x3cd0         4   0xde6  xprintflarge_nomb.o [4]
    .text              ro code       0x4ab8         4   0x3dc  ti_msp_dl_config.o [1]
    .text              ro code       0x4e94         4    0xfc  dl_sysctl_mspm0g1x0x_g3x0x.o [5]
    .text              ro code       0x4f90         4    0x60  dl_uart.o [5]
    .text              ro code       0x4ff0         4    0x60  dl_spi.o [5]
    .text              ro code       0x5050         4    0x4c  dl_adc12.o [5]
    .text              ro code       0x509c         4    0x12  strchr.o [7]
    .text              ro code       0x50b0         4    0x48  xfail_s.o [4]
    .text              ro code       0x50f8         4     0xe  strlen.o [7]
    .text              ro code       0x5108         4    0x16  memchr.o [7]
    .text              ro code       0x5120         4    0x4e  ABImemcpy.o [7]
    .text              ro code       0x516e         2    0x2a  frexp.o [6]
    .text              ro code       0x5198         2    0xe0  I32DivModFast.o [7]
    .text              ro code       0x5278         2    0xc2  DblDiv.o [6]
    .text              ro code       0x533c         4    0x2e  DblToI32.o [6]
    .text              ro code       0x536c         4    0x20  IxxToDbl.o [6]
    .text              ro code       0x538c         2   0x184  DblMul.o [6]
    .text              ro code       0x5510         2    0x7c  I64DivMod.o [7]
    .text              ro code       0x558c         2     0xa  abort.o [4]
    .text              ro code       0x5598         4     0x2  IntDivZer.o [7]
    .text              ro code       0x559c         4     0x2  I64DivZer.o [7]
    .text              ro code       0x55a0         4    0x14  exit.o [8]
    .text              ro code       0x55b4         4    0x1c  cstartup_M.o [7]
    .text              ro code       0x55d0         4    0x1e  cmain.o [7]
    .text              ro code       0x55ee         2     0x4  low_level_init.o [4]
    .text              ro code       0x55f4         4    0x2a  data_init.o [7]
    .text              ro code       0x561e         2     0x8  exit.o [4]
    .text              ro code       0x5628         4     0xa  cexit.o [7]
    Initializer bytes  const         0x5634         4    0x1c  <for P2-1>
    .text              ro code       0x5650         2     0x4  startup_mspm0g350x_iar.o [3]
    .text              ro code       0x5654         2     0x8  startup_mspm0g350x_iar.o [3]
    .text              ro code       0x565c         2    0x3c  zero_init3.o [7]
    .text              ro code       0x5698         2    0x30  copy_init3.o [7]
    .iar.init_table    const         0x56c8         4    0x24  - Linker created -
                                   - 0x56ec            0x562c

"P1", part 2 of 2:                                        0x4
    .rodata            const         0x56ec               0x0  zero_init3.o [7]
    .rodata            const         0x56ec               0x0  copy_init3.o [7]
                                   - 0x56f0               0x4

"P2", part 1 of 3:                                       0x1c
  P2-1                          0x2020'0000         4    0x19  <Init block>
    .data              inited   0x2020'0000         4     0x4  empty.o [2]
    .data              inited   0x2020'0004         4     0x4  my_fun.o [2]
    .data              inited   0x2020'0008         2     0x2  empty.o [2]
    .data              inited   0x2020'000a         2     0x2  empty.o [2]
    .data              inited   0x2020'000c         2     0x2  empty.o [2]
    .data              inited   0x2020'000e         2     0x2  empty.o [2]
    .data              inited   0x2020'0010         2     0x2  my_fun.o [2]
    .data              inited   0x2020'0012         2     0x2  my_fun.o [2]
    .data              inited   0x2020'0014         2     0x2  my_fun.o [2]
    .data              inited   0x2020'0016         2     0x2  my_fun.o [2]
    .data              inited   0x2020'0018               0x1  empty.o [2]
                              - 0x2020'0019              0x19

"P2", part 2 of 3:                                      0x344
  .bss                 zero     0x2020'001c         4    0xbc  ti_msp_dl_config.o [1]
  .bss                 zero     0x2020'00d8         4    0xbc  ti_msp_dl_config.o [1]
  .bss                 zero     0x2020'0194         4    0x78  ti_msp_dl_config.o [1]
  .bss                 zero     0x2020'020c         4    0x78  ti_msp_dl_config.o [1]
  .bss                 zero     0x2020'0284         4    0x30  ti_msp_dl_config.o [1]
  .bss                 zero     0x2020'02b4         4    0x28  ti_msp_dl_config.o [1]
  .bss                 zero     0x2020'02dc         4    0x18  my_fun.o [2]
  .bss                 zero     0x2020'02f4         4    0x10  my_fun.o [2]
  .bss                 zero     0x2020'0304         4     0xc  empty.o [2]
  .bss                 zero     0x2020'0310         4     0xc  empty.o [2]
  .bss                 zero     0x2020'031c         4     0xc  my_fun.o [2]
  .bss                 zero     0x2020'0328         4     0x4  callback.o [2]
  .bss                 zero     0x2020'032c         4     0x4  callback.o [2]
  .bss                 zero     0x2020'0330         4     0x4  callback.o [2]
  .bss                 zero     0x2020'0334         4     0x4  callback.o [2]
  .bss                 zero     0x2020'0338         4     0x4  callback.o [2]
  .bss                 zero     0x2020'033c         4     0x4  callback.o [2]
  .bss                 zero     0x2020'0340         4     0x4  xfail_s.o [4]
  .bss                 zero     0x2020'0344         2     0x2  callback.o [2]
  .bss                 zero     0x2020'0346         2     0x2  callback.o [2]
  .bss                 zero     0x2020'0348         2     0x2  callback.o [2]
  .bss                 zero     0x2020'034a         2     0x2  my_fun.o [2]
  .bss                 zero     0x2020'034c         2     0x2  my_fun.o [2]
  .bss                 zero     0x2020'034e         2     0x2  my_fun.o [2]
  .bss                 zero     0x2020'0350         2     0x2  my_fun.o [2]
  .bss                 zero     0x2020'0352         2     0x2  my_fun.o [2]
  .bss                 zero     0x2020'0354               0x1  empty.o [2]
  .bss                 zero     0x2020'0355               0x1  empty.o [2]
  .bss                 zero     0x2020'0356               0x1  empty.o [2]
  .bss                 zero     0x2020'0357               0x1  empty.o [2]
  .bss                 zero     0x2020'0358               0x1  empty.o [2]
  .bss                 zero     0x2020'0359               0x1  my_fun.o [2]
  .bss                 zero     0x2020'035a               0x1  my_fun.o [2]
  .bss                 zero     0x2020'035b               0x1  my_fun.o [2]
  .bss                 zero     0x2020'035c               0x1  my_fun.o [2]
                              - 0x2020'035d             0x341

"P2", part 3 of 3:                                      0x400
  CSTACK                        0x2020'0360         8   0x400  <Block>
    CSTACK             uninit   0x2020'0360             0x400  <Block tail>
                              - 0x2020'0760             0x400

Unused ranges:

         From           To      Size
         ----           --      ----
       0x56f0     0x1'ffff  0x1'a910
  0x2020'0760  0x2020'7fff    0x78a0


*******************************************************************************
*** INIT TABLE
***

          Address      Size
          -------      ----
Zero (__iar_zero_init3)
    1 destination range, total size 0x341:
          0x2020'001c  0x341

Copy (__iar_copy_init3)
    1 source range, total size 0x1c (112% of destination):
               0x5634   0x1c
    1 destination range, total size 0x19:
          0x2020'0000   0x19



*******************************************************************************
*** MODULE SUMMARY
***

    Module                        ro code  ro data  rw data
    ------                        -------  -------  -------
command line/config:
    -------------------------------------------------------
    Total:

E:\iar_workspace\d_s\uart_action\uart_action\Debug\Obj\SysConfig Generated Files_5435349133262493662.dir: [1]
    ti_msp_dl_config.o              2'576      240      704
    -------------------------------------------------------
    Total:                          2'576      240      704

E:\iar_workspace\d_s\uart_action\uart_action\Debug\Obj\empty_12185268458818714744.dir: [2]
    Lcd.o                           1'588    3'504
    callback.o                        356       16       30
    empty.o                         3'552       57       42
    my_fun.o                        2'168       40       78
    -------------------------------------------------------
    Total:                          7'664    3'617      150

E:\iar_workspace\d_s\uart_action\uart_action\Debug\Obj\iar_10373327311930743285.dir: [3]
    startup_mspm0g350x_iar.o           12      192
    -------------------------------------------------------
    Total:                             12      192

dl6M_tln.a: [4]
    abort.o                            10
    exit.o                              8
    low_level_init.o                    4
    sprintf.o                          64
    xfail_s.o                          72                 4
    xprintflarge_nomb.o             3'558      106
    xsprout.o                          10
    -------------------------------------------------------
    Total:                          3'726      106        4

driverlib.a: [5]
    dl_adc12.o                         76
    dl_common.o                        10
    dl_spi.o                           96
    dl_sysctl_mspm0g1x0x_g3x0x.o      252
    dl_timer.o                        776
    dl_uart.o                          96
    -------------------------------------------------------
    Total:                          1'306

m6M_tl.a: [6]
    DblAddSub.o                       436
    DblCmpLe.o                         50
    DblDiv.o                          194
    DblMul.o                          388
    DblToFlt.o                         98
    DblToI32.o                         46
    FltAddSub.o                       288
    FltCmpEq.o                         32
    FltCmpGe.o                         40
    FltCmpLe.o                         38
    FltMul.o                          176
    FltToDbl.o                         50
    FltToS32.o                         58
    IxxToDbl.o                         32
    IxxToFlt.o                         54
    frexp.o                            42
    -------------------------------------------------------
    Total:                          2'022

rt6M_tl.a: [7]
    ABImemcpy.o                        78
    I32DivModFast.o                   224
    I64DivMod.o                       124
    I64DivZer.o                         2
    IntDivZer.o                         2
    cexit.o                            10
    cmain.o                            30
    copy_init3.o                       48
    cstartup_M.o                       28
    data_init.o                        42
    memchr.o                           22
    strchr.o                           18
    strlen.o                           14
    zero_init3.o                       60
    -------------------------------------------------------
    Total:                            702

shb_l.a: [8]
    exit.o                             20
    -------------------------------------------------------
    Total:                             20

    Gaps                               28
    Linker created                              41    1'024
-----------------------------------------------------------
    Grand Total:                   18'056    4'196    1'882


*******************************************************************************
*** ENTRY LIST
***

Entry                       Address   Size  Type      Object
-----                       -------   ----  ----      ------
.iar.init_table$$Base        0x56c8          --   Gb  - Linker created -
.iar.init_table$$Limit       0x56ec          --   Gb  - Linker created -
?main                        0x55d1         Code  ??  cmain.o [7]
ACTION_Analyze               0x120f   0xac  Code  ??  my_fun.o [2]
ACTION_vaule            0x2020'02dc   0x18  Data  ??  my_fun.o [2]
ADC0                           0xec    0x4  Data  Lc  empty.o [2]
ADC0                          0xebc    0x4  Data  Lc  my_fun.o [2]
ADC0                          0xee8    0x4  Data  Lc  ti_msp_dl_config.o [1]
ADC0_IRQHandler              0x5651    0x4  Code  Wk  startup_mspm0g350x_iar.o [3]
ADC1                          0xec0    0x4  Data  Lc  my_fun.o [2]
ADC1                          0xeec    0x4  Data  Lc  ti_msp_dl_config.o [1]
ADC1_IRQHandler              0x5651    0x4  Code  Wk  startup_mspm0g350x_iar.o [3]
ADC_FLAG                0x2020'035c    0x1  Data  ??  my_fun.o [2]
AES_IRQHandler               0x5651    0x4  Code  Wk  startup_mspm0g350x_iar.o [3]
ALIGNED_ROM$$Base              0xc0          --   Gb  - Linker created -
ALIGNED_ROM$$Limit           0x56f0          --   Gb  - Linker created -
Action_ch               0x2020'0359    0x1  Data  ??  my_fun.o [2]
Action_count            0x2020'035b    0x1  Data  ??  my_fun.o [2]
Action_step             0x2020'035a    0x1  Data  ??  my_fun.o [2]
Adc_Get_Once                 0x192d   0x92  Code  ??  my_fun.o [2]
CANFD0_IRQHandler            0x5651    0x4  Code  Wk  startup_mspm0g350x_iar.o [3]
CSTACK$$Base            0x2020'0360          --   Gb  - Linker created -
CSTACK$$Limit           0x2020'0760          --   ??  - Linker created -
DAC0_IRQHandler              0x5651    0x4  Code  Wk  startup_mspm0g350x_iar.o [3]
DL_ADC12_configConversionMem
                             0x4bdd   0x36  Code  Lc  ti_msp_dl_config.o [1]
DL_ADC12_enableConversions
                             0x2289   0x12  Code  Lc  empty.o [2]
DL_ADC12_enableConversions
                             0x11ad   0x12  Code  Lc  my_fun.o [2]
DL_ADC12_enableConversions
                             0x4bc1   0x12  Code  Lc  ti_msp_dl_config.o [1]
DL_ADC12_enablePower         0x4b57    0xa  Code  Lc  ti_msp_dl_config.o [1]
DL_ADC12_getMemResult        0x229b   0x1a  Code  Lc  empty.o [2]
DL_ADC12_getMemResult        0x11bf   0x1a  Code  Lc  my_fun.o [2]
DL_ADC12_initSeqSample       0x4b69   0x40  Code  Lc  ti_msp_dl_config.o [1]
DL_ADC12_reset               0x4b61    0x8  Code  Lc  ti_msp_dl_config.o [1]
DL_ADC12_setClockConfig
                             0x5051   0x3c  Code  ??  dl_adc12.o [5]
DL_ADC12_setPowerDownMode
                             0x4ba9   0x18  Code  Lc  ti_msp_dl_config.o [1]
DL_ADC12_setSampleTime0
                             0x4bd3    0xa  Code  Lc  ti_msp_dl_config.o [1]
DL_ADC12_startConversion
                             0x2279   0x10  Code  Lc  empty.o [2]
DL_ADC12_startConversion
                             0x119d   0x10  Code  Lc  my_fun.o [2]
DL_Common_delayCycles        0x19fd    0xa  Code  ??  dl_common.o [5]
DL_Common_updateReg          0x4b45   0x12  Code  Lc  ti_msp_dl_config.o [1]
DL_GPIO_clearPins            0x309b    0x8  Code  Lc  Lcd.o [2]
DL_GPIO_clearPins            0x11eb    0x8  Code  Lc  my_fun.o [2]
DL_GPIO_clearPins            0x4d29    0x8  Code  Lc  ti_msp_dl_config.o [1]
DL_GPIO_enableOutput         0x4d31    0x6  Code  Lc  ti_msp_dl_config.o [1]
DL_GPIO_enablePower          0x4c95    0xa  Code  Lc  ti_msp_dl_config.o [1]
DL_GPIO_initDigitalInputFeatures
                             0x4cd7   0x20  Code  Lc  ti_msp_dl_config.o [1]
DL_GPIO_initDigitalOutput
                             0x4ca7   0x10  Code  Lc  ti_msp_dl_config.o [1]
DL_GPIO_initDigitalOutputFeatures
                             0x4cb7   0x20  Code  Lc  ti_msp_dl_config.o [1]
DL_GPIO_initPeripheralInputFunction
                             0x4d0d   0x16  Code  Lc  ti_msp_dl_config.o [1]
DL_GPIO_initPeripheralOutputFunction
                             0x4cf7   0x16  Code  Lc  ti_msp_dl_config.o [1]
DL_GPIO_readPins             0x22b5    0xc  Code  Lc  empty.o [2]
DL_GPIO_readPins             0x11d9    0xc  Code  Lc  my_fun.o [2]
DL_GPIO_reset                0x4c9f    0x8  Code  Lc  ti_msp_dl_config.o [1]
DL_GPIO_setPins              0x3095    0x6  Code  Lc  Lcd.o [2]
DL_GPIO_setPins              0x11e5    0x6  Code  Lc  my_fun.o [2]
DL_GPIO_setPins              0x4d23    0x6  Code  Lc  ti_msp_dl_config.o [1]
DL_SPI_enable                0x4d49    0xe  Code  Lc  ti_msp_dl_config.o [1]
DL_SPI_enablePower           0x4d37    0xa  Code  Lc  ti_msp_dl_config.o [1]
DL_SPI_init                  0x4ff1   0x44  Code  ??  dl_spi.o [5]
DL_SPI_isBusy                0x30a3    0xe  Code  Lc  Lcd.o [2]
DL_SPI_reset                 0x4d41    0x8  Code  Lc  ti_msp_dl_config.o [1]
DL_SPI_setBitRateSerialClockDivider
                             0x4d75   0x14  Code  Lc  ti_msp_dl_config.o [1]
DL_SPI_setClockConfig        0x5035   0x10  Code  ??  dl_spi.o [5]
DL_SPI_setFIFOThreshold
                             0x4d57   0x1e  Code  Lc  ti_msp_dl_config.o [1]
DL_SPI_transmitData8         0x30b1    0xc  Code  Lc  Lcd.o [2]
DL_SYSCTL_configSYSPLL       0x4e95   0xb6  Code  ??  dl_sysctl_mspm0g1x0x_g3x0x.o [5]
DL_SYSCTL_disableHFXT        0x4c67   0x14  Code  Lc  ti_msp_dl_config.o [1]
DL_SYSCTL_disableSYSPLL
                             0x4c53   0x14  Code  Lc  ti_msp_dl_config.o [1]
DL_SYSCTL_setBORThreshold
                             0x4c13    0xe  Code  Lc  ti_msp_dl_config.o [1]
DL_SYSCTL_setFlashWaitState
                             0x4c7b   0x1a  Code  Lc  ti_msp_dl_config.o [1]
DL_SYSCTL_setSYSOSCFreq
                             0x4c21   0x1a  Code  Lc  ti_msp_dl_config.o [1]
DL_SYSCTL_setULPCLKDivider
                             0x4c3b   0x18  Code  Lc  ti_msp_dl_config.o [1]
DL_SYSCTL_switchMCLKfromSYSOSCtoHSCLK
                             0x4f4b   0x24  Code  ??  dl_sysctl_mspm0g1x0x_g3x0x.o [5]
DL_TimerA_initPWMMode        0x21b5   0x80  Code  ??  dl_timer.o [5]
DL_Timer_enableClock         0x4da3    0x8  Code  Lc  ti_msp_dl_config.o [1]
DL_Timer_enableInterrupt
                             0x4db1    0xc  Code  Lc  ti_msp_dl_config.o [1]
DL_Timer_enablePower         0x4d89    0xa  Code  Lc  ti_msp_dl_config.o [1]
DL_Timer_getLoadValue        0x22c1    0xa  Code  Lc  empty.o [2]
DL_Timer_getPendingInterrupt
                             0x1033    0xa  Code  Lc  callback.o [2]
DL_Timer_getTimerCount       0x1021    0xa  Code  Lc  callback.o [2]
DL_Timer_initCompareMode
                             0x1fc9   0xc6  Code  ??  dl_timer.o [5]
DL_Timer_initPWMMode         0x209d   0xb2  Code  ??  dl_timer.o [5]
DL_Timer_initTimerMode       0x1f57   0x5c  Code  ??  dl_timer.o [5]
DL_Timer_reset               0x4d93    0x8  Code  Lc  ti_msp_dl_config.o [1]
DL_Timer_setCCPDirection
                             0x4d9b    0x8  Code  Lc  ti_msp_dl_config.o [1]
DL_Timer_setCaptCompUpdateMethod
                             0x215d   0x1a  Code  ??  dl_timer.o [5]
DL_Timer_setCaptureCompareOutCtl
                             0x2177   0x14  Code  ??  dl_timer.o [5]
DL_Timer_setCaptureCompareValue
                             0x214f    0xa  Code  ??  dl_timer.o [5]
DL_Timer_setClockConfig
                             0x1f41   0x16  Code  ??  dl_timer.o [5]
DL_Timer_setTimerCount       0x102b    0x8  Code  Lc  callback.o [2]
DL_Timer_startCounter        0x22cb    0xe  Code  Lc  empty.o [2]
DL_Timer_startCounter        0x11f3    0xe  Code  Lc  my_fun.o [2]
DL_Timer_stopCounter         0x1201    0xe  Code  Lc  my_fun.o [2]
DL_UART_enable               0x4dd5   0x12  Code  Lc  ti_msp_dl_config.o [1]
DL_UART_enableInterrupt
                             0x4e39    0xc  Code  Lc  ti_msp_dl_config.o [1]
DL_UART_enablePower          0x4dbd    0xa  Code  Lc  ti_msp_dl_config.o [1]
DL_UART_getPendingInterrupt
                             0x1045    0xa  Code  Lc  callback.o [2]
DL_UART_init                 0x4f91   0x48  Code  ??  dl_uart.o [5]
DL_UART_receiveData          0x103d    0x8  Code  Lc  callback.o [2]
DL_UART_reset                0x4dc7    0x8  Code  Lc  ti_msp_dl_config.o [1]
DL_UART_setBaudRateDivisor
                             0x4dff   0x36  Code  Lc  ti_msp_dl_config.o [1]
DL_UART_setClockConfig       0x4fd9   0x10  Code  ??  dl_uart.o [5]
DL_UART_setOversampling
                             0x4de7   0x18  Code  Lc  ti_msp_dl_config.o [1]
DMA_IRQHandler               0x5651    0x4  Code  Wk  startup_mspm0g350x_iar.o [3]
Default_Handler              0x5651    0x4  Code  Lc  startup_mspm0g350x_iar.o [3]
GPIOA                         0xeb0    0x4  Data  Lc  my_fun.o [2]
GPIOA                         0xed8    0x4  Data  Lc  ti_msp_dl_config.o [1]
GPIOB                          0xe0    0x4  Data  Lc  empty.o [2]
GPIOB                          0xfc    0x4  Data  Lc  Lcd.o [2]
GPIOB                         0xeac    0x4  Data  Lc  my_fun.o [2]
GPIOB                         0xed0    0x4  Data  Lc  ti_msp_dl_config.o [1]
GROUP0_IRQHandler            0x5651    0x4  Code  Wk  startup_mspm0g350x_iar.o [3]
GROUP1_IRQHandler            0x5651    0x4  Code  Wk  startup_mspm0g350x_iar.o [3]
Gui_DrawFont_GBK16           0x3471  0x250  Code  ??  Lcd.o [2]
Gui_DrawPoint                0x3415   0x26  Code  ??  Lcd.o [2]
HW                      0x2020'031c    0xc  Data  ??  my_fun.o [2]
HardFault_Handler            0x5651    0x4  Code  Wk  startup_mspm0g350x_iar.o [3]
I2C0_IRQHandler              0x5651    0x4  Code  Wk  startup_mspm0g350x_iar.o [3]
I2C1_IRQHandler              0x5651    0x4  Code  Wk  startup_mspm0g350x_iar.o [3]
IOMUX                         0xecc    0x4  Data  Lc  ti_msp_dl_config.o [1]
LCD_WriteData_16Bit          0x313b   0x2c  Code  ??  Lcd.o [2]
LED_On                       0x18dd   0x38  Code  ??  my_fun.o [2]
Lcd_Clear                    0x343b   0x36  Code  ??  Lcd.o [2]
Lcd_Init                     0x3199  0x21e  Code  ??  Lcd.o [2]
Lcd_Reset                    0x3167   0x22  Code  ??  Lcd.o [2]
Lcd_SetRegion                0x33b7   0x5e  Code  ??  Lcd.o [2]
Lcd_WriteData                0x311b   0x20  Code  ??  Lcd.o [2]
Lcd_WriteIndex               0x30eb   0x30  Code  ??  Lcd.o [2]
NMI_Handler                  0x5651    0x4  Code  Wk  startup_mspm0g350x_iar.o [3]
PendSV_Handler               0x5651    0x4  Code  Wk  startup_mspm0g350x_iar.o [3]
RTC_IRQHandler               0x5651    0x4  Code  Wk  startup_mspm0g350x_iar.o [3]
Region$$Table$$Base          0x56c8          --   ??  - Linker created -
Region$$Table$$Limit         0x56ec          --   ??  - Linker created -
Reset_Handler                0x5655    0x8  Code  Wk  startup_mspm0g350x_iar.o [3]
SPI0_IRQHandler              0x5651    0x4  Code  Wk  startup_mspm0g350x_iar.o [3]
SPI1                          0x100    0x4  Data  Lc  Lcd.o [2]
SPI1                          0xed4    0x4  Data  Lc  ti_msp_dl_config.o [1]
SPI1_IRQHandler              0x5651    0x4  Code  Wk  startup_mspm0g350x_iar.o [3]
SPI_WriteData                0x30bd   0x2e  Code  ??  Lcd.o [2]
SVC_Handler                  0x5651    0x4  Code  Wk  startup_mspm0g350x_iar.o [3]
SYSCFG_DL_ADC12_0_init       0x3be9   0x58  Code  Wk  ti_msp_dl_config.o [1]
SYSCFG_DL_ADC12_1_init       0x3c41   0x90  Code  Wk  ti_msp_dl_config.o [1]
SYSCFG_DL_COMPARE_0_init
                             0x3ad1   0x30  Code  Wk  ti_msp_dl_config.o [1]
SYSCFG_DL_COMPARE_1_init
                             0x3b01   0x30  Code  Wk  ti_msp_dl_config.o [1]
SYSCFG_DL_GPIO_init          0x37fd  0x194  Code  Wk  ti_msp_dl_config.o [1]
SYSCFG_DL_PWM_0_init         0x39c9   0x58  Code  Wk  ti_msp_dl_config.o [1]
SYSCFG_DL_PWM_1_init         0x3a21   0x58  Code  Wk  ti_msp_dl_config.o [1]
SYSCFG_DL_PWM_Buzzer_init
                             0x3a79   0x58  Code  Wk  ti_msp_dl_config.o [1]
SYSCFG_DL_SPI_0_init         0x3bad   0x3c  Code  Wk  ti_msp_dl_config.o [1]
SYSCFG_DL_SYSCTL_init        0x3991   0x38  Code  Wk  ti_msp_dl_config.o [1]
SYSCFG_DL_TIMER_0_init       0x3b31   0x30  Code  Wk  ti_msp_dl_config.o [1]
SYSCFG_DL_UART_0_init        0x3b61   0x4c  Code  Wk  ti_msp_dl_config.o [1]
SYSCFG_DL_init               0x3029   0x6c  Code  Wk  ti_msp_dl_config.o [1]
SYSCFG_DL_initPower          0x3709   0xf4  Code  Wk  ti_msp_dl_config.o [1]
SYSCTL                        0xec8    0x4  Data  Lc  ti_msp_dl_config.o [1]
SysTick_Handler              0x5651    0x4  Code  Wk  startup_mspm0g350x_iar.o [3]
TIMA0                          0xe4    0x4  Data  Lc  empty.o [2]
TIMA0                         0xeb4    0x4  Data  Lc  my_fun.o [2]
TIMA0                         0xedc    0x4  Data  Lc  ti_msp_dl_config.o [1]
TIMA0_IRQHandler             0x5651    0x4  Code  Wk  startup_mspm0g350x_iar.o [3]
TIMA1                          0xe8    0x4  Data  Lc  empty.o [2]
TIMA1                         0xeb8    0x4  Data  Lc  my_fun.o [2]
TIMA1                         0xee0    0x4  Data  Lc  ti_msp_dl_config.o [1]
TIMA1_IRQHandler             0x5651    0x4  Code  Wk  startup_mspm0g350x_iar.o [3]
TIMG0                          0xc4    0x4  Data  Lc  callback.o [2]
TIMG0                          0xf0    0x4  Data  Lc  empty.o [2]
TIMG0                         0xef0    0x4  Data  Lc  ti_msp_dl_config.o [1]
TIMG0_IRQHandler             0x5651    0x4  Code  Wk  startup_mspm0g350x_iar.o [3]
TIMG12_IRQHandler            0x5651    0x4  Code  Wk  startup_mspm0g350x_iar.o [3]
TIMG6                          0xc8    0x4  Data  Lc  callback.o [2]
TIMG6                          0xf4    0x4  Data  Lc  empty.o [2]
TIMG6                         0xef4    0x4  Data  Lc  ti_msp_dl_config.o [1]
TIMG6_IRQHandler             0x1073   0x30  Code  ??  callback.o [2]
TIMG7                          0xcc    0x4  Data  Lc  callback.o [2]
TIMG7                          0xf8    0x4  Data  Lc  empty.o [2]
TIMG7                         0xef8    0x4  Data  Lc  ti_msp_dl_config.o [1]
TIMG7_IRQHandler             0x10a3   0x98  Code  ??  callback.o [2]
TIMG8                         0xec4    0x4  Data  Lc  my_fun.o [2]
TIMG8                         0xefc    0x4  Data  Lc  ti_msp_dl_config.o [1]
TIMG8_IRQHandler             0x5651    0x4  Code  Wk  startup_mspm0g350x_iar.o [3]
UART0_IRQHandler             0x5651    0x4  Code  Wk  startup_mspm0g350x_iar.o [3]
UART1_IRQHandler             0x5651    0x4  Code  Wk  startup_mspm0g350x_iar.o [3]
UART2_IRQHandler             0x5651    0x4  Code  Wk  startup_mspm0g350x_iar.o [3]
UART3                          0xc0    0x4  Data  Lc  callback.o [2]
UART3                         0xee4    0x4  Data  Lc  ti_msp_dl_config.o [1]
UART3_IRQHandler             0x104f   0x24  Code  ??  callback.o [2]
_LC                          0x3cd1    0x8  Code  Lc  xprintflarge_nomb.o [4]
_LitobLargeNoMb              0x490d  0x126  Code  Lc  xprintflarge_nomb.o [4]
_PrintfLargeNoMb             0x3cd9  0xc34  Code  ??  xprintflarge_nomb.o [4]
_PutcharsLargeNoMb           0x4a81   0x36  Code  Lc  xprintflarge_nomb.o [4]
_SProut                      0x1e73    0xa  Code  ??  xsprout.o [4]
__NVIC_ClearPendingIRQ       0x2261   0x18  Code  Lc  empty.o [2]
__NVIC_EnableIRQ             0x2249   0x18  Code  Lc  empty.o [2]
__NVIC_EnableIRQ             0x1185   0x18  Code  Lc  my_fun.o [2]
__NVIC_SetPriority           0x4ab9   0x8c  Code  Lc  ti_msp_dl_config.o [1]
__aeabi_cdcmple              0x1d91         Code  ??  DblCmpLe.o [6]
__aeabi_cfcmpeq              0x1a09         Code  ??  FltCmpEq.o [6]
__aeabi_cfcmple              0x1ea5         Code  ??  FltCmpLe.o [6]
__aeabi_cfrcmple             0x1e7d         Code  ??  FltCmpGe.o [6]
__aeabi_d2f                  0x1c0f         Code  ??  DblToFlt.o [6]
__aeabi_d2uiz                0x533d         Code  ??  DblToI32.o [6]
__aeabi_dadd                 0x1a5b         Code  ??  DblAddSub.o [6]
__aeabi_ddiv                 0x5279         Code  ??  DblDiv.o [6]
__aeabi_dmul                 0x538d         Code  ??  DblMul.o [6]
__aeabi_dsub                 0x1b21         Code  ??  DblAddSub.o [6]
__aeabi_f2d                  0x1a29         Code  ??  FltToDbl.o [6]
__aeabi_f2iz                 0x1f05         Code  ??  FltToS32.o [6]
__aeabi_fadd                 0x1c71         Code  ??  FltAddSub.o [6]
__aeabi_fmul                 0x1dc3         Code  ??  FltMul.o [6]
__aeabi_fsub                 0x1ce1         Code  ??  FltAddSub.o [6]
__aeabi_i2f                  0x1eed         Code  ??  IxxToFlt.o [6]
__aeabi_idiv                 0x51c5         Code  ??  I32DivModFast.o [7]
__aeabi_idiv0                0x5599         Code  ??  IntDivZer.o [7]
__aeabi_idivmod              0x51c5         Code  ??  I32DivModFast.o [7]
__aeabi_ldiv0                0x559d         Code  ??  I64DivZer.o [7]
__aeabi_memcpy               0x5155         Code  ??  ABImemcpy.o [7]
__aeabi_memcpy4              0x5121         Code  ??  ABImemcpy.o [7]
__aeabi_memcpy8              0x5121         Code  ??  ABImemcpy.o [7]
__aeabi_ui2d                 0x536d         Code  ??  IxxToDbl.o [6]
__aeabi_ui2f                 0x1ecd         Code  ??  IxxToFlt.o [6]
__aeabi_uidiv                0x51cb         Code  ??  I32DivModFast.o [7]
__aeabi_uidivmod             0x51cb         Code  ??  I32DivModFast.o [7]
__aeabi_uldivmod             0x5511         Code  ??  I64DivMod.o [7]
__cmain                      0x55d1         Code  ??  cmain.o [7]
__exit                       0x55a1   0x14  Code  ??  exit.o [8]
__iar_Fail_s                 0x50b1   0x22  Code  ??  xfail_s.o [4]
__iar_Memchr                 0x5109         Code  ??  memchr.o [7]
__iar_Memcpy                 0x5161         Code  ??  ABImemcpy.o [7]
__iar_Strchr                 0x509d         Code  ??  strchr.o [7]
__iar_copy_init3             0x5699   0x30  Code  ??  copy_init3.o [7]
__iar_d2uiz                  0x5341         Code  ??  DblToI32.o [6]
__iar_data_init3             0x55f5   0x18  Code  ??  data_init.o [7]
__iar_frexp                  0x517b         Code  ??  frexp.o [6]
__iar_frexp64                0x516f         Code  ??  frexp.o [6]
__iar_frexpl                 0x517b         Code  ??  frexp.o [6]
__iar_program_start          0x55b5         Code  ??  cstartup_M.o [7]
__iar_zero_init3             0x565d   0x3c  Code  ??  zero_init3.o [7]
__low_level_init             0x55ef    0x4  Code  ??  low_level_init.o [4]
__vector_table                  0x0   0xc0  Data  ??  startup_mspm0g350x_iar.o [3]
_call_main                   0x55dd         Code  ??  cmain.o [7]
_exit                        0x5629         Code  ??  cexit.o [7]
abort                        0x558d    0xa  Code  ??  abort.o [4]
asc16                         0x104  0x5f4  Data  ??  Lcd.o [2]
cal_duty_hei_xian            0x1445   0x98  Code  ??  my_fun.o [2]
cal_duty_hei_xian1           0x14e5   0x98  Code  ??  my_fun.o [2]
cal_duty_imu_bmq             0x15c5  0x270  Code  ??  my_fun.o [2]
car                     0x2020'02f4   0x10  Data  ??  my_fun.o [2]
chL                     0x2020'0304    0xc  Data  ??  empty.o [2]
chR                     0x2020'0310    0xc  Data  ??  empty.o [2]
cha_su                  0x2020'000e    0x2  Data  ??  empty.o [2]
delay_ms                     0x142f    0xe  Code  ??  my_fun.o [2]
delay_us                     0x1421    0xe  Code  ??  my_fun.o [2]
dutyL                   0x2020'034a    0x2  Data  ??  my_fun.o [2]
dutyR                   0x2020'034c    0x2  Data  ??  my_fun.o [2]
exit                         0x561f    0x8  Code  ??  exit.o [4]
flag_start              0x2020'0354    0x1  Data  ??  empty.o [2]
freq_new_L              0x2020'0338    0x4  Data  ??  callback.o [2]
freq_new_R              0x2020'033c    0x4  Data  ??  callback.o [2]
frexp                        0x516f         Code  ??  frexp.o [6]
frexpl                       0x516f         Code  ??  frexp.o [6]
gADC12_0ClockConfig           0xfa4    0x8  Data  Lc  ti_msp_dl_config.o [1]
gADC12_1ClockConfig           0xfac    0x8  Data  Lc  ti_msp_dl_config.o [1]
gAdcResult              0x2020'034e    0x2  Data  ??  my_fun.o [2]
gCOMPARE_0Backup        0x2020'0194   0x78  Data  ??  ti_msp_dl_config.o [1]
gCOMPARE_0ClockConfig         0xf4c    0x4  Data  Lc  ti_msp_dl_config.o [1]
gCOMPARE_0CompareConfig
                              0xf50   0x10  Data  Lc  ti_msp_dl_config.o [1]
gCOMPARE_1ClockConfig         0xf60    0x4  Data  Lc  ti_msp_dl_config.o [1]
gCOMPARE_1CompareConfig
                              0xf64   0x10  Data  Lc  ti_msp_dl_config.o [1]
gPWM_0Backup            0x2020'001c   0xbc  Data  ??  ti_msp_dl_config.o [1]
gPWM_0ClockConfig             0xf28    0x4  Data  Lc  ti_msp_dl_config.o [1]
gPWM_0Config                  0xf2c    0x8  Data  Lc  ti_msp_dl_config.o [1]
gPWM_1Backup            0x2020'00d8   0xbc  Data  ??  ti_msp_dl_config.o [1]
gPWM_1ClockConfig             0xf34    0x4  Data  Lc  ti_msp_dl_config.o [1]
gPWM_1Config                  0xf38    0x8  Data  Lc  ti_msp_dl_config.o [1]
gPWM_BuzzerClockConfig        0xf40    0x4  Data  Lc  ti_msp_dl_config.o [1]
gPWM_BuzzerConfig             0xf44    0x8  Data  Lc  ti_msp_dl_config.o [1]
gSPI_0Backup            0x2020'02b4   0x28  Data  ??  ti_msp_dl_config.o [1]
gSPI_0_clockConfig           0x1a06    0x2  Data  Lc  ti_msp_dl_config.o [1]
gSPI_0_config                 0xf98    0xc  Data  Lc  ti_msp_dl_config.o [1]
gSYSPLLConfig                 0xf00   0x28  Data  Lc  ti_msp_dl_config.o [1]
gTIMER_0Backup          0x2020'020c   0x78  Data  ??  ti_msp_dl_config.o [1]
gTIMER_0ClockConfig           0xf74    0x4  Data  Lc  ti_msp_dl_config.o [1]
gTIMER_0TimerConfig           0xf78   0x14  Data  Lc  ti_msp_dl_config.o [1]
gUART_0Backup           0x2020'0284   0x30  Data  ??  ti_msp_dl_config.o [1]
gUART_0ClockConfig           0x101e    0x2  Data  Lc  ti_msp_dl_config.o [1]
gUART_0Config                 0xf8c    0xc  Data  Lc  ti_msp_dl_config.o [1]
get_adc1                0x2020'0350    0x2  Data  ??  my_fun.o [2]
get_adc2                0x2020'0352    0x2  Data  ??  my_fun.o [2]
get_hong_wai1                0x12dd  0x140  Code  ??  my_fun.o [2]
hz16                          0x6f8  0x7b4  Data  ??  Lcd.o [2]
is_any_black                 0x18ab   0x24  Code  ??  my_fun.o [2]
jishu                   0x2020'0357    0x1  Data  ??  empty.o [2]
jishu_timer             0x2020'0348    0x2  Data  ??  callback.o [2]
kp_imu                  0x2020'0004    0x4  Data  ??  my_fun.o [2]
loadvalue_L             0x2020'0344    0x2  Data  ??  callback.o [2]
loadvalue_R             0x2020'0346    0x2  Data  ??  callback.o [2]
main                         0x22f1  0xc9c  Code  ??  empty.o [2]
memchr                       0x5109         Code  ??  memchr.o [7]
normal_speed_L          0x2020'0014    0x2  Data  ??  my_fun.o [2]
normal_speed_R          0x2020'0016    0x2  Data  ??  my_fun.o [2]
overflow_L              0x2020'0330    0x4  Data  ??  callback.o [2]
overflow_R              0x2020'0334    0x4  Data  ??  callback.o [2]
scale                        0x4a33   0x44  Code  Lc  xprintflarge_nomb.o [4]
sec_hand                0x2020'0340    0x4  Data  Lc  xfail_s.o [4]
set_duty                     0x184d   0x5e  Code  ??  my_fun.o [2]
set_zero                     0x2fc1   0x20  Code  ??  empty.o [2]
sheng_guang_flag        0x2020'0358    0x1  Data  ??  empty.o [2]
single                  0x2020'0018    0x1  Data  ??  empty.o [2]
speed_                  0x2020'0008    0x2  Data  ??  empty.o [2]
speed_4                 0x2020'000a    0x2  Data  ??  empty.o [2]
speed_4_wd              0x2020'000c    0x2  Data  ??  empty.o [2]
sprintf                      0x36c9   0x40  Code  ??  sprintf.o [4]
step                    0x2020'0356    0x1  Data  ??  empty.o [2]
strchr                       0x509d         Code  ??  strchr.o [7]
strlen                       0x50f9         Code  ??  strlen.o [7]
task                    0x2020'0355    0x1  Data  ??  empty.o [2]
time_new_L              0x2020'0328    0x4  Data  ??  callback.o [2]
time_new_R              0x2020'032c    0x4  Data  ??  callback.o [2]
yz_L                    0x2020'0012    0x2  Data  ??  my_fun.o [2]
yz_R                    0x2020'0010    0x2  Data  ??  my_fun.o [2]
zhuan_jiao              0x2020'0000    0x4  Data  ??  empty.o [2]


[1] = E:\iar_workspace\d_s\uart_action\uart_action\Debug\Obj\SysConfig Generated Files_5435349133262493662.dir
[2] = E:\iar_workspace\d_s\uart_action\uart_action\Debug\Obj\empty_12185268458818714744.dir
[3] = E:\iar_workspace\d_s\uart_action\uart_action\Debug\Obj\iar_10373327311930743285.dir
[4] = dl6M_tln.a
[5] = driverlib.a
[6] = m6M_tl.a
[7] = rt6M_tl.a
[8] = shb_l.a

  18'056 bytes of readonly  code memory
   4'196 bytes of readonly  data memory
   1'882 bytes of readwrite data memory

Errors: none
Warnings: none
